
> chanderhat-dev@0.0.1 build
> prisma generate && nest build

Environment variables loaded from .env
Prisma schema loaded from prisma\schema.prisma

Ô£ö Generated Prisma Client (v5.22.0) to .\node_modules\@prisma\client in 48ms

Start by importing your Prisma Client (See: https://pris.ly/d/importing-client)

Tip: Interested in query caching in just a few lines of code? Try Accelerate today! https://pris.ly/tip-3-accelerate

node.exe : [96msrc/re
dis.service.ts[0m:[9
3m10[0m:[93m38[0m 
- [91merror[0m[90m 
TS2769: [0mNo 
overload matches this 
call.
At line:1 char:1
+ & "C:\Program Files\
nodejs/node.exe" 
"C:\Program 
Files\nodejs/node_mo 
...
+ ~~~~~~~~~~~~~~~~~~~~
~~~~~~~~~~~~~~~~~~~~~~
~~~~~~~~~~~~~~~~~~~~~~
~~~~~
    + CategoryInfo    
          : NotSpeci  
  fied: ([96msrc/r   
 edis....ches this    
 call.:String) []    
, RemoteException
    + FullyQualifiedE 
   rrorId : NativeCo  
  mmandError
 
  Overload 1 of 8, 
'(path: string, 
options: 
RedisOptions): 
Redis', gave the 
following error.
    Argument of type 
'string | undefined' 
is not assignable to 
parameter of type 
'string'.
      Type 
'undefined' is not 
assignable to type 
'string'.
  Overload 2 of 8, 
'(port: number, 
options: 
RedisOptions): 
Redis', gave the 
following error.
    Argument of type 
'string | undefined' 
is not assignable to 
parameter of type 
'number'.
      Type 
'undefined' is not 
assignable to type 
'number'.
  Overload 3 of 8, 
'(port: number, host: 
string): Redis', gave 
the following error.
    Argument of type 
'string | undefined' 
is not assignable to 
parameter of type 
'number'.
      Type 
'undefined' is not 
assignable to type 
'number'.

[7m10[0m         
this.redisClient = 
new Redis(this.configS
ervice.get<string>('RE
DIS_URL'), {
[7m  [0m [91m      
                      
         ~~~~~~~~~~~~~
~~~~~~~~~~~~~~~~~~~~~~
~~~~~~~~[0m


Found 1 error(s).

